// 重构日志: 11679c94
// 重构日志: 733b4081
// 重构日志: 22074868
// 重构日志: 0c59c330
// 同步 ID: 718449b5 @ Sat Jul 25 18:07:21 UTC 2026
// 重构日志: f0473f96
// 重构日志: 2cf3190e
// 同步 ID: e7a3816b @ Tue Jul 28 07:20:11 UTC 2026
// 同步 ID: be2008f1 @ Tue Jul 28 12:40:44 UTC 2026
// 同步 ID: 73bee886 @ Tue Jul 28 14:47:44 UTC 2026
// 重构日志: bc238e7f
// 同步 ID: 26b9d081 @ Wed Jul 29 19:02:49 UTC 2026
// 同步 ID: 37341e14 @ Thu Jul 30 15:13:45 UTC 2026
// 重构日志: 6b7bc126
// 重构日志: 308fa9a0
// 重构日志: b070d692
// 同步 ID: 15dfc03e @ Sat Aug  1 17:23:26 UTC 2026
// 重构日志: 4b675d16
// 重构日志: a8cd52e7
// 重构日志: e5ab9035
// 重构日志: ec6ee8bf
// 同步 ID: 4cd54430 @ Wed Aug  5 01:03:34 UTC 2026
// 重构日志: f6bf5c57
// 重构日志: 2c3fc9e4
// 重构日志: 29f6924d
// 重构日志: a369f20b
// 重构日志: 2594e7fe
// 重构日志: 1c4674c3
// 同步 ID: ce1e350f @ Sat Aug  8 07:58:16 UTC 2026
// 同步 ID: 33c4e8f0 @ Sat Aug  8 08:07:30 UTC 2026
